// Jest Snapshot v1, https://goo.gl/fbAQLP

exports[`Pruebas de GifExpertApp Debe mostrar el componente correctamente 1`] = `
<Fragment>
  <h2>
    GifExpertApp
  </h2>
  <hr />
  <AddCategory
    setCategories={[Function]}
  />
  <ol />
</Fragment>
`;

exports[`Pruebas de GifExpertApp Debe mostrar una lista de categor√≠as 1`] = `
<Fragment>
  <h2>
    GifExpertApp
  </h2>
  <hr />
  <AddCategory
    setCategories={[Function]}
  />
  <ol>
    <GifGrid
      category="One Punch"
      key="One Punch"
    />
    <GifGrid
      category="Dragon Ball"
      key="Dragon Ball"
    />
  </ol>
</Fragment>
`;
